---
source: apps/tui/src/spawn.rs
assertion_line: 6146
expression: terminal.backend()
---
"                                                                                                    "
"                                                                                                    "
"                                                                                                    "
"                                                                                                    "
"                                                                                                    "
"                                                                                                    "
"                                                                                                    "
"                                                                                                    "
"                                                                                                    "
"                                                                                                    "
"                                                                                                    "
"                                                                                                    "
"                                                                                                    "
"                                                                                                    "
"                                                                                                    "
"                                                                                                    "
"                                                                                                    "
"                                                                                                    "
"                                                                                                    "
"                                                                                                    "
"                                                                                                    "
"                                                                                                    "
"────────────────────────────────────────────────────────────────────────────────────────────────────"
" (no matches — Enter spawns at literal path)                                                        "
"                                                                                                    "
"                                                                                                    "
"                                                                                                    "
"                                                                                                    "
"                                                                                                    "
"spawn: @local : <cwd>  [tab complete · ctrl+t fuzzy · @ host · down pick · enter spawn · esc cancel]"
